python : EEF
At line:1 char:1
+ python d:/examfor
ms.org/verify_fixes
.py > 
test_output.txt 
2>&1
+ ~~~~~~~~~~~~~~~~~
~~~~~~~~~~~~~~~~~~~
~~~~~~~~~~~~~~~~~~~
~~~~~~~
    + CategoryInfo 
             : No  
  tSpecified: (E   
 EF:String) [],    
 RemoteExcepti    
on
    + FullyQualifi 
   edErrorId : Na  
  tiveCommandErr   
 or
 
===================
===================
===================
=============
ERROR: test_connect
ion_pool_singleton 
(__main__.TestCriti
calBugFixes.test_co
nnection_pool_singl
eton)
Test that 
DatabasePipeline 
uses a singleton 
for the engine
-------------------
-------------------
-------------------
-------------
Traceback (most 
recent call last):
  File "C:\Users\Ad
min\AppData\Roaming
\Python\Python314\s
ite-packages\sqlalc
hemy\engine\base.py
", line 143, in 
__init__
    self._dbapi_con
nection = engine.ra
w_connection()
                   
          ~~~~~~~~~
~~~~~~~~~~~~^^
  File "C:\Users\Ad
min\AppData\Roaming
\Python\Python314\s
ite-packages\sqlalc
hemy\engine\base.py
", line 3309, in 
raw_connection
    return 
self.pool.connect()
           
~~~~~~~~~~~~~~~~~^^
  File "C:\Users\Ad
min\AppData\Roaming
\Python\Python314\s
ite-packages\sqlalc
hemy\pool\base.py",
 line 447, in 
connect
    return _Connect
ionFairy._checkout(
self)
           ~~~~~~~~
~~~~~~~~~~~~~~~~~~^
^^^^^
  File "C:\Users\Ad
min\AppData\Roaming
\Python\Python314\s
ite-packages\sqlalc
hemy\pool\base.py",
 line 1264, in 
_checkout
    fairy = _Connec
tionRecord.checkout
(pool)
  File "C:\Users\Ad
min\AppData\Roaming
\Python\Python314\s
ite-packages\sqlalc
hemy\pool\base.py",
 line 711, in 
checkout
    rec = 
pool._do_get()
  File "C:\Users\Ad
min\AppData\Roaming
\Python\Python314\s
ite-packages\sqlalc
hemy\pool\impl.py",
 line 177, in 
_do_get
    with util.safe_
reraise():
         
~~~~~~~~~~~~~~~~~^^
  File "C:\Users\Ad
min\AppData\Roaming
\Python\Python314\s
ite-packages\sqlalc
hemy\util\langhelpe
rs.py", line 224, 
in __exit__
    raise exc_value
.with_traceback(exc
_tb)
  File "C:\Users\Ad
min\AppData\Roaming
\Python\Python314\s
ite-packages\sqlalc
hemy\pool\impl.py",
 line 175, in 
_do_get
    return self._cr
eate_connection()
           ~~~~~~~~
~~~~~~~~~~~~~~~^^
  File "C:\Users\Ad
min\AppData\Roaming
\Python\Python314\s
ite-packages\sqlalc
hemy\pool\base.py",
 line 388, in 
_create_connection
    return _Connect
ionRecord(self)
  File "C:\Users\Ad
min\AppData\Roaming
\Python\Python314\s
ite-packages\sqlalc
hemy\pool\base.py",
 line 673, in 
__init__
    
self.__connect()
    
~~~~~~~~~~~~~~^^
  File "C:\Users\Ad
min\AppData\Roaming
\Python\Python314\s
ite-packages\sqlalc
hemy\pool\base.py",
 line 899, in 
__connect
    with util.safe_
reraise():
         
~~~~~~~~~~~~~~~~~^^
  File "C:\Users\Ad
min\AppData\Roaming
\Python\Python314\s
ite-packages\sqlalc
hemy\util\langhelpe
rs.py", line 224, 
in __exit__
    raise exc_value
.with_traceback(exc
_tb)
  File "C:\Users\Ad
min\AppData\Roaming
\Python\Python314\s
ite-packages\sqlalc
hemy\pool\base.py",
 line 895, in 
__connect
    self.dbapi_conn
ection = 
connection = pool._
invoke_creator(self
)
                   
                   
   ~~~~~~~~~~~~~~~~
~~~~^^^^^^
  File "C:\Users\Ad
min\AppData\Roaming
\Python\Python314\s
ite-packages\sqlalc
hemy\engine\create.
py", line 661, in 
connect
    return dialect.
connect(*cargs, 
**cparams)
           ~~~~~~~~
~~~~~~~^^^^^^^^^^^^
^^^^^^^
  File "C:\Users\Ad
min\AppData\Roaming
\Python\Python314\s
ite-packages\sqlalc
hemy\engine\default
.py", line 630, in 
connect
    return self.loa
ded_dbapi.connect(*
cargs, **cparams)  
# type: ignore[no-a
ny-return]  # 
NOQA: E501
           ~~~~~~~~
~~~~~~~~~~~~~~~~~^^
^^^^^^^^^^^^^^^^^
  File "C:\Users\Ad
min\AppData\Roaming
\Python\Python314\s
ite-packages\psycop
g2\__init__.py", 
line 135, in 
connect
    conn = 
_connect(dsn, conne
ction_factory=conne
ction_factory, 
**kwasync)
psycopg2.Operationa
lError: connection 
to server at 
"localhost" (::1), 
port 5432 failed: 
Connection refused 
(0x0000274D/10061)
	Is the server 
running on that 
host and accepting 
TCP/IP connections?
connection to 
server at 
"localhost" 
(127.0.0.1), port 
5432 failed: 
Connection refused 
(0x0000274D/10061)
	Is the server 
running on that 
host and accepting 
TCP/IP connections?


The above 
exception was the 
direct cause of 
the following 
exception:

Traceback (most 
recent call last):
  File "C:\Python31
4\Lib\unittest\mock
.py", line 1432, 
in patched
    return 
func(*newargs, 
**newkeywargs)
  File "d:\examform
s.org\verify_fixes.
py", line 50, in te
st_connection_pool_
singleton
    p1 = 
DatabasePipeline()
  File "D:\examform
s.org\src\scrapers\
pipelines\db_pipeli
ne.py", line 47, 
in __init__
    self._init_db()
    ~~~~~~~~~~~~~^^
  File "D:\examform
s.org\src\scrapers\
pipelines\db_pipeli
ne.py", line 65, 
in _init_db
    with cls._engin
e.connect() as 
conn:
         ~~~~~~~~~~
~~~~~~~~~^^
  File "C:\Users\Ad
min\AppData\Roaming
\Python\Python314\s
ite-packages\sqlalc
hemy\engine\base.py
", line 3285, in 
connect
    return self._co
nnection_cls(self)
           ~~~~~~~~
~~~~~~~~~~~~^^^^^^
  File "C:\Users\Ad
min\AppData\Roaming
\Python\Python314\s
ite-packages\sqlalc
hemy\engine\base.py
", line 145, in 
__init__
    Connection._han
dle_dbapi_exception
_noconnection(
    ~~~~~~~~~~~~~~~
~~~~~~~~~~~~~~~~~~~
~~~~~~~~~~~~~^
        err, 
dialect, engine
        ^^^^^^^^^^^
^^^^^^^^^
    )
    ^
  File "C:\Users\Ad
min\AppData\Roaming
\Python\Python314\s
ite-packages\sqlalc
hemy\engine\base.py
", line 2448, in _h
andle_dbapi_excepti
on_noconnection
    raise sqlalchem
y_exception.with_tr
aceback(exc_info[2]
) from e
  File "C:\Users\Ad
min\AppData\Roaming
\Python\Python314\s
ite-packages\sqlalc
hemy\engine\base.py
", line 143, in 
__init__
    self._dbapi_con
nection = engine.ra
w_connection()
                   
          ~~~~~~~~~
~~~~~~~~~~~~^^
  File "C:\Users\Ad
min\AppData\Roaming
\Python\Python314\s
ite-packages\sqlalc
hemy\engine\base.py
", line 3309, in 
raw_connection
    return 
self.pool.connect()
           
~~~~~~~~~~~~~~~~~^^
  File "C:\Users\Ad
min\AppData\Roaming
\Python\Python314\s
ite-packages\sqlalc
hemy\pool\base.py",
 line 447, in 
connect
    return _Connect
ionFairy._checkout(
self)
           ~~~~~~~~
~~~~~~~~~~~~~~~~~~^
^^^^^
  File "C:\Users\Ad
min\AppData\Roaming
\Python\Python314\s
ite-packages\sqlalc
hemy\pool\base.py",
 line 1264, in 
_checkout
    fairy = _Connec
tionRecord.checkout
(pool)
  File "C:\Users\Ad
min\AppData\Roaming
\Python\Python314\s
ite-packages\sqlalc
hemy\pool\base.py",
 line 711, in 
checkout
    rec = 
pool._do_get()
  File "C:\Users\Ad
min\AppData\Roaming
\Python\Python314\s
ite-packages\sqlalc
hemy\pool\impl.py",
 line 177, in 
_do_get
    with util.safe_
reraise():
         
~~~~~~~~~~~~~~~~~^^
  File "C:\Users\Ad
min\AppData\Roaming
\Python\Python314\s
ite-packages\sqlalc
hemy\util\langhelpe
rs.py", line 224, 
in __exit__
    raise exc_value
.with_traceback(exc
_tb)
  File "C:\Users\Ad
min\AppData\Roaming
\Python\Python314\s
ite-packages\sqlalc
hemy\pool\impl.py",
 line 175, in 
_do_get
    return self._cr
eate_connection()
           ~~~~~~~~
~~~~~~~~~~~~~~~^^
  File "C:\Users\Ad
min\AppData\Roaming
\Python\Python314\s
ite-packages\sqlalc
hemy\pool\base.py",
 line 388, in 
_create_connection
    return _Connect
ionRecord(self)
  File "C:\Users\Ad
min\AppData\Roaming
\Python\Python314\s
ite-packages\sqlalc
hemy\pool\base.py",
 line 673, in 
__init__
    
self.__connect()
    
~~~~~~~~~~~~~~^^
  File "C:\Users\Ad
min\AppData\Roaming
\Python\Python314\s
ite-packages\sqlalc
hemy\pool\base.py",
 line 899, in 
__connect
    with util.safe_
reraise():
         
~~~~~~~~~~~~~~~~~^^
  File "C:\Users\Ad
min\AppData\Roaming
\Python\Python314\s
ite-packages\sqlalc
hemy\util\langhelpe
rs.py", line 224, 
in __exit__
    raise exc_value
.with_traceback(exc
_tb)
  File "C:\Users\Ad
min\AppData\Roaming
\Python\Python314\s
ite-packages\sqlalc
hemy\pool\base.py",
 line 895, in 
__connect
    self.dbapi_conn
ection = 
connection = pool._
invoke_creator(self
)
                   
                   
   ~~~~~~~~~~~~~~~~
~~~~^^^^^^
  File "C:\Users\Ad
min\AppData\Roaming
\Python\Python314\s
ite-packages\sqlalc
hemy\engine\create.
py", line 661, in 
connect
    return dialect.
connect(*cargs, 
**cparams)
           ~~~~~~~~
~~~~~~~^^^^^^^^^^^^
^^^^^^^
  File "C:\Users\Ad
min\AppData\Roaming
\Python\Python314\s
ite-packages\sqlalc
hemy\engine\default
.py", line 630, in 
connect
    return self.loa
ded_dbapi.connect(*
cargs, **cparams)  
# type: ignore[no-a
ny-return]  # 
NOQA: E501
           ~~~~~~~~
~~~~~~~~~~~~~~~~~^^
^^^^^^^^^^^^^^^^^
  File "C:\Users\Ad
min\AppData\Roaming
\Python\Python314\s
ite-packages\psycop
g2\__init__.py", 
line 135, in 
connect
    conn = 
_connect(dsn, conne
ction_factory=conne
ction_factory, 
**kwasync)
sqlalchemy.exc.Oper
ationalError: (psyc
opg2.OperationalErr
or) connection to 
server at 
"localhost" (::1), 
port 5432 failed: 
Connection refused 
(0x0000274D/10061)
	Is the server 
running on that 
host and accepting 
TCP/IP connections?
connection to 
server at 
"localhost" 
(127.0.0.1), port 
5432 failed: 
Connection refused 
(0x0000274D/10061)
	Is the server 
running on that 
host and accepting 
TCP/IP connections?

(Background on 
this error at: http
s://sqlalche.me/e/2
0/e3q8)

===================
===================
===================
=============
ERROR: test_hardcod
ed_year_removed (__
main__.TestCritical
BugFixes.test_hardc
oded_year_removed)

Test that scrapers 
don't have 
hardcoded 2026
-------------------
-------------------
-------------------
-------------
Traceback (most 
recent call last):
  File "d:\examform
s.org\verify_fixes.
py", line 86, in te
st_hardcoded_year_r
emoved
    print(f"  
\u2705 
{scraper_name}: 
Hardcoded 2026 NOT 
found")
    ~~~~~^^^^^^^^^^
^^^^^^^^^^^^^^^^^^^
^^^^^^^^^^^^^^^^^^^
^^
  File "C:\Python31
4\Lib\encodings\cp1
252.py", line 19, 
in encode
    return codecs.c
harmap_encode(input
,self.errors,encodi
ng_table)[0]
           ~~~~~~~~
~~~~~~~~~~~~~^^^^^^
^^^^^^^^^^^^^^^^^^^
^^^^^^^^^
UnicodeEncodeError:
 'charmap' codec 
can't encode 
character '\u2705' 
in position 2: 
character maps to 
<undefined>

===================
===================
===================
=============
FAIL: test_re_impor
t_and_slugify (__ma
in__.TestCriticalBu
gFixes.test_re_impo
rt_and_slugify)
Test that re is 
imported and 
_slugify works 
without error
-------------------
-------------------
-------------------
-------------
Traceback (most 
recent call last):
  File "d:\examform
s.org\verify_fixes.
py", line 22, in te
st_re_import_and_sl
ugify
    print(f"  
\u2705 _slugify() 
worked! Result: 
{slug}")
    ~~~~~^^^^^^^^^^
^^^^^^^^^^^^^^^^^^^
^^^^^^^^^^^^^^
  File "C:\Python31
4\Lib\encodings\cp1
252.py", line 19, 
in encode
    return codecs.c
harmap_encode(input
,self.errors,encodi
ng_table)[0]
           ~~~~~~~~
~~~~~~~~~~~~~^^^^^^
^^^^^^^^^^^^^^^^^^^
^^^^^^^^^
UnicodeEncodeError:
 'charmap' codec 
can't encode 
character '\u2705' 
in position 2: 
character maps to 
<undefined>

During handling of 
the above 
exception, another 
exception occurred:

Traceback (most 
recent call last):
  File "d:\examform
s.org\verify_fixes.
py", line 27, in te
st_re_import_and_sl
ugify
    
self.fail(f"\u274c 
Unexpected error 
in _slugify: {e}")
    ~~~~~~~~~^^^^^^
^^^^^^^^^^^^^^^^^^^
^^^^^^^^^^^^^^^^
AssertionError: 
\u274c Unexpected 
error in _slugify: 
'charmap' codec 
can't encode 
character '\u2705' 
in position 2: 
character maps to 
<undefined>

-------------------
-------------------
-------------------
-------------
Ran 3 tests in 
12.863s

FAILED 
(failures=1, 
errors=2)
Testing Bug #3: Connection pool singleton...

Testing Bug #2: Hardcoded year 2026...

Testing Bug #1: Missing 're' import...
